// Jest Snapshot v1, https://goo.gl/fbAQLP

exports[`Pruebas en <FirsApp /> debe hacer match con el snapshot 1`] = `
<div>
  <h1>
    Hola, soy Alejo
  </h1>
  <p>
    No hay subt√≠tulo
  </p>
  <p>
    Alejandro Palacios
  </p>
</div>
`;
